kotlin version: 2.0.21
error message: java.lang.AssertionError: Built-in class kotlin.Number is not found
	at org.jetbrains.kotlin.builtins.KotlinBuiltIns$3.invoke(KotlinBuiltIns.java:93)
	at org.jetbrains.kotlin.builtins.KotlinBuiltIns$3.invoke(KotlinBuiltIns.java:88)
	at org.jetbrains.kotlin.storage.LockBasedStorageManager$MapBasedMemoizedFunction.invoke(LockBasedStorageManager.java:578)
	at org.jetbrains.kotlin.storage.LockBasedStorageManager$MapBasedMemoizedFunctionToNotNull.invoke(LockBasedStorageManager.java:681)
	at org.jetbrains.kotlin.builtins.KotlinBuiltIns.getBuiltInClassByName(KotlinBuiltIns.java:223)
	at org.jetbrains.kotlin.builtins.KotlinBuiltIns.getNumber(KotlinBuiltIns.java:293)
	at org.jetbrains.kotlin.builtins.KotlinBuiltIns.getNumberType(KotlinBuiltIns.java:524)
	at com.google.devtools.ksp.processing.impl.ResolverImpl.<init>(ResolverImpl.kt:1145)
	at com.google.devtools.ksp.AbstractKotlinSymbolProcessingExtension.doAnalysis(KotlinSymbolProcessingExtension.kt:225)
	at org.jetbrains.kotlin.js.analyze.AbstractTopDownAnalyzerFacadeForWeb.analyzeFilesWithGivenTrace(TopDownAnalyzerFacadeForJS.kt:142)
	at org.jetbrains.kotlin.js.analyze.AbstractTopDownAnalyzerFacadeForWeb.analyzeFiles(TopDownAnalyzerFacadeForJS.kt:94)
	at org.jetbrains.kotlin.ir.backend.js.ModulesStructure.runAnalysis$lambda$8(klib.kt:502)
	at org.jetbrains.kotlin.cli.common.messages.AnalyzerWithCompilerReport.analyzeAndReport(AnalyzerWithCompilerReport.kt:112)
	at org.jetbrains.kotlin.ir.backend.js.ModulesStructure.runAnalysis(klib.kt:501)
	at org.jetbrains.kotlin.ir.backend.js.PrepareAnalyzedSourceModuleKt.prepareAnalyzedSourceModule(prepareAnalyzedSourceModule.kt:30)
	at org.jetbrains.kotlin.ir.backend.js.PrepareAnalyzedSourceModuleKt.prepareAnalyzedSourceModule$default(prepareAnalyzedSourceModule.kt:17)
	at org.jetbrains.kotlin.cli.js.K2JsIrCompiler.processSourceModuleWithK1(K2JsIrCompiler.kt:518)
	at org.jetbrains.kotlin.cli.js.K2JsIrCompiler.produceSourceModule(K2JsIrCompiler.kt:498)
	at org.jetbrains.kotlin.cli.js.K2JsIrCompiler.doExecute(K2JsIrCompiler.kt:327)
	at org.jetbrains.kotlin.cli.js.K2JSCompiler.doExecute(K2JSCompiler.java:70)
	at org.jetbrains.kotlin.cli.js.K2JSCompiler.doExecute(K2JSCompiler.java:33)
	at org.jetbrains.kotlin.cli.common.CLICompiler.execImpl(CLICompiler.kt:103)
	at org.jetbrains.kotlin.cli.common.CLICompiler.execImpl(CLICompiler.kt:49)
	at org.jetbrains.kotlin.cli.common.CLITool.exec(CLITool.kt:101)
	at org.jetbrains.kotlin.daemon.CompileServiceImpl.compile(CompileServiceImpl.kt:1555)
	at java.base/jdk.internal.reflect.DirectMethodHandleAccessor.invoke(Unknown Source)
	at java.base/java.lang.reflect.Method.invoke(Unknown Source)
	at java.rmi/sun.rmi.server.UnicastServerRef.dispatch(Unknown Source)
	at java.rmi/sun.rmi.transport.Transport$1.run(Unknown Source)
	at java.rmi/sun.rmi.transport.Transport$1.run(Unknown Source)
	at java.base/java.security.AccessController.doPrivileged(Unknown Source)
	at java.rmi/sun.rmi.transport.Transport.serviceCall(Unknown Source)
	at java.rmi/sun.rmi.transport.tcp.TCPTransport.handleMessages(Unknown Source)
	at java.rmi/sun.rmi.transport.tcp.TCPTransport$ConnectionHandler.run0(Unknown Source)
	at java.rmi/sun.rmi.transport.tcp.TCPTransport$ConnectionHandler.lambda$run$0(Unknown Source)
	at java.base/java.security.AccessController.doPrivileged(Unknown Source)
	at java.rmi/sun.rmi.transport.tcp.TCPTransport$ConnectionHandler.run(Unknown Source)
	at java.base/java.util.concurrent.ThreadPoolExecutor.runWorker(Unknown Source)
	at java.base/java.util.concurrent.ThreadPoolExecutor$Worker.run(Unknown Source)
	at java.base/java.lang.Thread.run(Unknown Source)


