kotlin version: 2.0.21
error message: java.lang.OutOfMemoryError: Java heap space
	at java.base/java.util.Arrays.copyOf(Unknown Source)
	at java.base/java.io.ByteArrayOutputStream.ensureCapacity(Unknown Source)
	at java.base/java.io.ByteArrayOutputStream.write(Unknown Source)
	at java.base/java.io.ByteArrayOutputStream.writeTo(Unknown Source)
	at org.jetbrains.kotlin.wasm.ir.convertors.ByteWriter$OutputStream.write(WasmIrToBinary.kt:714)
	at org.jetbrains.kotlin.wasm.ir.convertors.WasmIrToBinary.withVarUInt32PayloadSizePrepended(WasmIrToBinary.kt:344)
	at org.jetbrains.kotlin.wasm.ir.convertors.WasmIrToBinary.appendCode(WasmIrToBinary.kt:554)
	at org.jetbrains.kotlin.wasm.ir.convertors.WasmIrToBinary.appendWasmModule$lambda$28$lambda$24(WasmIrToBinary.kt:176)
	at org.jetbrains.kotlin.wasm.ir.convertors.WasmIrToBinary$$Lambda/0x0000000100b7b088.invoke(Unknown Source)
	at org.jetbrains.kotlin.wasm.ir.convertors.WasmIrToBinary.appendSection_Sr9dMcE$lambda$45(WasmIrToBinary.kt:326)
	at org.jetbrains.kotlin.wasm.ir.convertors.WasmIrToBinary$$Lambda/0x0000000100b78930.invoke(Unknown Source)
	at org.jetbrains.kotlin.wasm.ir.convertors.WasmIrToBinary.withVarUInt32PayloadSizePrepended(WasmIrToBinary.kt:337)
	at org.jetbrains.kotlin.wasm.ir.convertors.WasmIrToBinary.appendSection-Sr9dMcE(WasmIrToBinary.kt:326)
	at org.jetbrains.kotlin.wasm.ir.convertors.WasmIrToBinary.appendWasmModule(WasmIrToBinary.kt:174)
	at org.jetbrains.kotlin.backend.wasm.WasmCompilerKt.compileWasm-uzOlIq4(wasmCompiler.kt:161)
	at org.jetbrains.kotlin.cli.js.K2JsIrCompiler.doExecute(K2JsIrCompiler.kt:429)
	at org.jetbrains.kotlin.cli.js.K2JSCompiler.doExecute(K2JSCompiler.java:70)
	at org.jetbrains.kotlin.cli.js.K2JSCompiler.doExecute(K2JSCompiler.java:33)
	at org.jetbrains.kotlin.cli.common.CLICompiler.execImpl(CLICompiler.kt:103)
	at org.jetbrains.kotlin.cli.common.CLICompiler.execImpl(CLICompiler.kt:49)
	at org.jetbrains.kotlin.cli.common.CLITool.exec(CLITool.kt:101)
	at org.jetbrains.kotlin.daemon.CompileServiceImpl.compile(CompileServiceImpl.kt:1555)
	at java.base/java.lang.invoke.LambdaForm$DMH/0x000000010019d400.invokeInterface(LambdaForm$DMH)
	at java.base/java.lang.invoke.LambdaForm$MH/0x000000010019f800.invoke(LambdaForm$MH)
	at java.base/java.lang.invoke.Invokers$Holder.invokeExact_MT(Invokers$Holder)
	at java.base/jdk.internal.reflect.DirectMethodHandleAccessor.invokeImpl(Unknown Source)
	at java.base/jdk.internal.reflect.DirectMethodHandleAccessor.invoke(Unknown Source)
	at java.base/java.lang.reflect.Method.invoke(Unknown Source)
	at java.rmi/sun.rmi.server.UnicastServerRef.dispatch(Unknown Source)
	at java.rmi/sun.rmi.transport.Transport$1.run(Unknown Source)
	at java.rmi/sun.rmi.transport.Transport$1.run(Unknown Source)
	at java.base/java.security.AccessController.executePrivileged(Unknown Source)


