kotlin version: 2.1.0
error message: org.jetbrains.kotlin.util.FileAnalysisException: Somewhere in file C:/Users/rodne/Desktop/WE_THE_Governed/WETHEGOVERNED/shared/src/commonMain/kotlin/net/wetheGoverned/model/CivicModels.kt: java.lang.NullPointerException: null cannot be cast to non-null type org.jetbrains.kotlin.fir.symbols.impl.FirRegularClassSymbol
	at org.jetbrains.kotlin.util.AnalysisExceptionsKt.wrapIntoFileAnalysisExceptionIfNeeded(AnalysisExceptions.kt:62)
	at org.jetbrains.kotlin.fir.FirCliExceptionHandler.handleExceptionOnFileAnalysis(Utils.kt:249)
	at org.jetbrains.kotlin.fir.resolve.transformers.FirSupertypeResolverTransformer.transformFile(FirSupertypesResolution.kt:888)
	at org.jetbrains.kotlin.fir.declarations.FirFile.transform(FirFile.kt:46)
	at org.jetbrains.kotlin.fir.resolve.transformers.FirTransformerBasedResolveProcessor.processFile(FirResolveProcessor.kt:48)
	at org.jetbrains.kotlin.fir.resolve.transformers.FirTotalResolveProcessor.process(FirTotalResolveProcessor.kt:36)
	at org.jetbrains.kotlin.fir.pipeline.AnalyseKt.runResolution(analyse.kt:24)
	at org.jetbrains.kotlin.fir.pipeline.FirUtilsKt.resolveAndCheckFir(firUtils.kt:76)
	at org.jetbrains.kotlin.fir.pipeline.FirUtilsKt.buildResolveAndCheckFirViaLightTree(firUtils.kt:88)
	at org.jetbrains.kotlin.cli.js.klib.JsCompilerPipelineKt.compileModulesToAnalyzedFirWithLightTree(jsCompilerPipeline.kt:194)
	at org.jetbrains.kotlin.cli.js.K2JSCompiler.processSourceModuleWithK2(K2JSCompiler.kt:661)
	at org.jetbrains.kotlin.cli.js.K2JSCompiler.produceSourceModule(K2JSCompiler.kt:560)
	at org.jetbrains.kotlin.cli.js.K2JSCompiler.doExecute(K2JSCompiler.kt:345)
	at org.jetbrains.kotlin.cli.js.K2JSCompiler.doExecute(K2JSCompiler.kt:105)
	at org.jetbrains.kotlin.cli.common.CLICompiler.execImpl(CLICompiler.kt:102)
	at org.jetbrains.kotlin.cli.common.CLICompiler.exec(CLICompiler.kt:316)
	at org.jetbrains.kotlin.incremental.IncrementalJsCompilerRunner.runCompiler(IncrementalJsCompilerRunner.kt:199)
	at org.jetbrains.kotlin.incremental.IncrementalJsCompilerRunner.runCompiler(IncrementalJsCompilerRunner.kt:74)
	at org.jetbrains.kotlin.incremental.IncrementalCompilerRunner.doCompile(IncrementalCompilerRunner.kt:506)
	at org.jetbrains.kotlin.incremental.IncrementalCompilerRunner.compileImpl(IncrementalCompilerRunner.kt:423)
	at org.jetbrains.kotlin.incremental.IncrementalCompilerRunner.compileNonIncrementally(IncrementalCompilerRunner.kt:301)
	at org.jetbrains.kotlin.incremental.IncrementalCompilerRunner.compile(IncrementalCompilerRunner.kt:129)
	at org.jetbrains.kotlin.incremental.IncrementalCompilerRunner.compile$default(IncrementalCompilerRunner.kt:113)
	at org.jetbrains.kotlin.daemon.CompileServiceImplBase.execJsIncrementalCompiler(CompileServiceImpl.kt:608)
	at org.jetbrains.kotlin.daemon.CompileServiceImplBase.access$execJsIncrementalCompiler(CompileServiceImpl.kt:91)
	at org.jetbrains.kotlin.daemon.CompileServiceImpl.compile(CompileServiceImpl.kt:1757)
	at java.base/jdk.internal.reflect.DirectMethodHandleAccessor.invoke(Unknown Source)
	at java.base/java.lang.reflect.Method.invoke(Unknown Source)
	at java.rmi/sun.rmi.server.UnicastServerRef.dispatch(Unknown Source)
	at java.rmi/sun.rmi.transport.Transport$1.run(Unknown Source)
	at java.rmi/sun.rmi.transport.Transport$1.run(Unknown Source)
	at java.base/java.security.AccessController.doPrivileged(Unknown Source)
	at java.rmi/sun.rmi.transport.Transport.serviceCall(Unknown Source)
	at java.rmi/sun.rmi.transport.tcp.TCPTransport.handleMessages(Unknown Source)
	at java.rmi/sun.rmi.transport.tcp.TCPTransport$ConnectionHandler.run0(Unknown Source)
	at java.rmi/sun.rmi.transport.tcp.TCPTransport$ConnectionHandler.lambda$run$0(Unknown Source)
	at java.base/java.security.AccessController.doPrivileged(Unknown Source)
	at java.rmi/sun.rmi.transport.tcp.TCPTransport$ConnectionHandler.run(Unknown Source)
	at java.base/java.util.concurrent.ThreadPoolExecutor.runWorker(Unknown Source)
	at java.base/java.util.concurrent.ThreadPoolExecutor$Worker.run(Unknown Source)
	at java.base/java.lang.Thread.run(Unknown Source)
Caused by: java.lang.NullPointerException: null cannot be cast to non-null type org.jetbrains.kotlin.fir.symbols.impl.FirRegularClassSymbol
	at org.jetbrains.kotlinx.serialization.compiler.fir.SerializationFirUtilsKt.createDeprecatedHiddenAnnotation(SerializationFirUtils.kt:314)
	at org.jetbrains.kotlinx.serialization.compiler.fir.SerializationFirUtilsKt.markAsDeprecatedHidden(SerializationFirUtils.kt:335)
	at org.jetbrains.kotlinx.serialization.compiler.fir.SerializationFirResolveExtension.generateSerializerImplClass(SerializationFirResolveExtension.kt:321)
	at org.jetbrains.kotlinx.serialization.compiler.fir.SerializationFirResolveExtension.generateNestedClassLikeDeclaration(SerializationFirResolveExtension.kt:76)
	at org.jetbrains.kotlin.fir.scopes.impl.FirGeneratedMemberDeclarationsStorage$ClassifierStorage.generateNestedClassifier(FirGeneratedScopes.kt:254)
	at org.jetbrains.kotlin.fir.scopes.impl.FirGeneratedMemberDeclarationsStorage$ClassifierStorage.access$generateNestedClassifier(FirGeneratedScopes.kt:231)
	at org.jetbrains.kotlin.fir.scopes.impl.FirGeneratedMemberDeclarationsStorage$ClassifierStorage$special$$inlined$createCache$1.invoke(FirCachesFactory.kt:73)
	at org.jetbrains.kotlin.fir.scopes.impl.FirGeneratedMemberDeclarationsStorage$ClassifierStorage$special$$inlined$createCache$1.invoke(FirCachesFactory.kt:71)
	at org.jetbrains.kotlin.fir.caches.FirThreadUnsafeCache.getValue(FirThreadUnsafeCachesFactory.kt:40)
	at org.jetbrains.kotlin.fir.scopes.impl.FirGeneratedClassNestedClassifierScope.getNestedClassSymbol(FirGeneratedScopes.kt:299)
	at org.jetbrains.kotlin.fir.scopes.impl.FirGeneratedClassNestedClassifierScope.getNestedClassSymbol(FirGeneratedScopes.kt:106)
	at org.jetbrains.kotlin.fir.scopes.impl.FirNestedClassifierScope.processClassifiersByNameWithSubstitution(FirNestedClassifierScope.kt:39)
	at org.jetbrains.kotlin.fir.scopes.impl.FirCompositeNestedClassifierScope.processClassifiersByNameWithSubstitution(FirNestedClassifierScope.kt:100)
	at org.jetbrains.kotlin.fir.scopes.impl.FirClassDeclaredMemberScopeImpl.processClassifiersByNameWithSubstitution(FirClassDeclaredMemberScope.kt:91)
	at org.jetbrains.kotlin.fir.extensions.GeneratedDeclarationsUtilsKt.generatedNestedClassifiers(generatedDeclarationsUtils.kt:54)
	at org.jetbrains.kotlin.fir.resolve.transformers.FirSupertypeResolverVisitor.addSupertypesToGeneratedNestedClasses(FirSupertypesResolution.kt:512)
	at org.jetbrains.kotlin.fir.resolve.transformers.FirSupertypeResolverVisitor.resolveSpecificClassLikeSupertypes$lambda$15(FirSupertypesResolution.kt:482)
	at org.jetbrains.kotlin.fir.resolve.transformers.FirSupertypeResolverVisitor.resolveSpecificClassLikeSupertypes(FirSupertypesResolution.kt:405)
	at org.jetbrains.kotlin.fir.resolve.transformers.FirSupertypeResolverVisitor.resolveSpecificClassLikeSupertypes(FirSupertypesResolution.kt:448)
	at org.jetbrains.kotlin.fir.resolve.transformers.FirSupertypeResolverVisitor.visitRegularClass(FirSupertypesResolution.kt:428)
	at org.jetbrains.kotlin.fir.resolve.transformers.FirSupertypeResolverVisitor.visitRegularClass(FirSupertypesResolution.kt:228)
	at org.jetbrains.kotlin.fir.declarations.FirRegularClass.accept(FirRegularClass.kt:48)
	at org.jetbrains.kotlin.fir.declarations.impl.FirFileImpl.acceptChildren(FirFileImpl.kt:57)
	at org.jetbrains.kotlin.fir.resolve.transformers.FirSupertypeResolverVisitor.visitDeclarationContent(FirSupertypesResolution.kt:416)
	at org.jetbrains.kotlin.fir.resolve.transformers.FirSupertypeResolverVisitor.visitFile(FirSupertypesResolution.kt:596)
	at org.jetbrains.kotlin.fir.resolve.transformers.FirSupertypeResolverVisitor.visitFile(FirSupertypesResolution.kt:228)
	at org.jetbrains.kotlin.fir.declarations.FirFile.accept(FirFile.kt:42)
	at org.jetbrains.kotlin.fir.resolve.transformers.FirSupertypeResolverTransformer.transformFile(FirSupertypesResolution.kt:73)
	... 38 more


