kotlin version: 2.1.0
error message: java.lang.IllegalArgumentException: Function createJsException not found
	at org.jetbrains.kotlin.backend.wasm.WasmSymbols.getFunction(WasmSymbols.kt:434)
	at org.jetbrains.kotlin.backend.wasm.WasmSymbols.getInternalFunction(WasmSymbols.kt:444)
	at org.jetbrains.kotlin.backend.wasm.WasmSymbols.access$getInternalFunction(WasmSymbols.kt:33)
	at org.jetbrains.kotlin.backend.wasm.WasmSymbols$JsRelatedSymbols.<init>(WasmSymbols.kt:399)
	at org.jetbrains.kotlin.backend.wasm.WasmSymbols.<init>(WasmSymbols.kt:405)
	at org.jetbrains.kotlin.backend.wasm.WasmBackendContext.<init>(WasmBackendContext.kt:104)
	at org.jetbrains.kotlin.backend.wasm.WasmCompilerKt.compileToLoweredIr(wasmCompiler.kt:80)
	at org.jetbrains.kotlin.cli.js.K2JSCompiler.doExecute(K2JSCompiler.kt:462)
	at org.jetbrains.kotlin.cli.js.K2JSCompiler.doExecute(K2JSCompiler.kt:105)
	at org.jetbrains.kotlin.cli.common.CLICompiler.execImpl(CLICompiler.kt:102)
	at org.jetbrains.kotlin.cli.common.CLICompiler.exec(CLICompiler.kt:316)
	at org.jetbrains.kotlin.daemon.CompileServiceImpl.compile(CompileServiceImpl.kt:1554)
	at java.base/jdk.internal.reflect.DirectMethodHandleAccessor.invoke(Unknown Source)
	at java.base/java.lang.reflect.Method.invoke(Unknown Source)
	at java.rmi/sun.rmi.server.UnicastServerRef.dispatch(Unknown Source)
	at java.rmi/sun.rmi.transport.Transport$1.run(Unknown Source)
	at java.rmi/sun.rmi.transport.Transport$1.run(Unknown Source)
	at java.base/java.security.AccessController.doPrivileged(Unknown Source)
	at java.rmi/sun.rmi.transport.Transport.serviceCall(Unknown Source)
	at java.rmi/sun.rmi.transport.tcp.TCPTransport.handleMessages(Unknown Source)
	at java.rmi/sun.rmi.transport.tcp.TCPTransport$ConnectionHandler.run0(Unknown Source)
	at java.rmi/sun.rmi.transport.tcp.TCPTransport$ConnectionHandler.lambda$run$0(Unknown Source)
	at java.base/java.security.AccessController.doPrivileged(Unknown Source)
	at java.rmi/sun.rmi.transport.tcp.TCPTransport$ConnectionHandler.run(Unknown Source)
	at java.base/java.util.concurrent.ThreadPoolExecutor.runWorker(Unknown Source)
	at java.base/java.util.concurrent.ThreadPoolExecutor$Worker.run(Unknown Source)
	at java.base/java.lang.Thread.run(Unknown Source)


